#-----------------------------------------------------------
# Vivado v2018.3 (64-bit)
# SW Build 2405991 on Thu Dec  6 23:38:27 MST 2018
# IP Build 2404404 on Fri Dec  7 01:43:56 MST 2018
# Start of session at: Fri Nov  4 23:41:06 2022
# Process ID: 8644
# Current directory: C:/Users/Rodrigo Herrera/OneDrive/Documentos/GitHub/IMT123_labs/project_lab9_Comparador
# Command line: vivado.exe -gui_launcher_event rodinguilauncherevent8480 C:\Users\Rodrigo Herrera\OneDrive\Documentos\GitHub\IMT123_labs\project_lab9_Comparador\project_lab9_Comparador.xpr
# Log file: C:/Users/Rodrigo Herrera/OneDrive/Documentos/GitHub/IMT123_labs/project_lab9_Comparador/vivado.log
# Journal file: C:/Users/Rodrigo Herrera/OneDrive/Documentos/GitHub/IMT123_labs/project_lab9_Comparador\vivado.jou
#-----------------------------------------------------------
start_gui
open_project {C:/Users/Rodrigo Herrera/OneDrive/Documentos/GitHub/IMT123_labs/project_lab9_Comparador/project_lab9_Comparador.xpr}
update_compile_order -fileset sources_1
launch_simulation
source lab9_tb.tcl
close_sim
