#-----------------------------------------------------------
# Vivado v2018.3 (64-bit)
# SW Build 2405991 on Thu Dec  6 23:38:27 MST 2018
# IP Build 2404404 on Fri Dec  7 01:43:56 MST 2018
# Start of session at: Sat Sep  3 12:45:05 2022
# Process ID: 4220
# Current directory: C:/Users/ANDRES ESCOBAR/Documents/5to Semestre/Circuitos Digitales/Laboratorios/project_lab4_Deco1/project_lab4_Deco
# Command line: vivado.exe -gui_launcher_event rodinguilauncherevent13284 C:\Users\ANDRES ESCOBAR\Documents\5to Semestre\Circuitos Digitales\Laboratorios\project_lab4_Deco1\project_lab4_Deco\project_lab4_Deco.xpr
# Log file: C:/Users/ANDRES ESCOBAR/Documents/5to Semestre/Circuitos Digitales/Laboratorios/project_lab4_Deco1/project_lab4_Deco/vivado.log
# Journal file: C:/Users/ANDRES ESCOBAR/Documents/5to Semestre/Circuitos Digitales/Laboratorios/project_lab4_Deco1/project_lab4_Deco\vivado.jou
#-----------------------------------------------------------
sstart_guiopen_project {C:/Users/ANDRES ESCOBAR/Documents/5to Semestre/Circuitos Digitales/Laboratorios/project_lab4_Deco1/project_lab4_Deco/project_lab4_Deco.xpr}
uupdate_compile_order -fileset sources_1launch_simulation
source lab4_tb.tcl
close_sim
